// Jest Snapshot v1, https://goo.gl/fbAQLP

exports[`Component.tsx correctly render 1`] = `
<div>
  <p>
    0
  </p>
  <button>
    +
  </button>
</div>
`;
